<?xml version="1.0" encoding="utf-8"?>
<TestRun id="c2d74b95-3cc2-438d-9dba-08b1c513d821" name="AbidMiah@DESKTOP-5LOA7S6 2024-02-28 15:27:21" runUser="AzureAD\AbidMiah" xmlns="http://microsoft.com/schemas/VisualStudio/TeamTest/2010">
  <Times creation="2024-02-28T15:27:21.4937210+00:00" queuing="2024-02-28T15:27:21.4937216+00:00" start="2024-02-28T15:27:02.6202107+00:00" finish="2024-02-28T15:28:53.6780259+00:00" />
  <TestSettings name="default" id="10f06e33-9da7-4e84-99ff-47cb24801469">
    <Deployment runDeploymentRoot="AbidMiah_DESKTOP-5LOA7S6_2024-02-28_15_27_21" />
  </TestSettings>
  <Results>
    <UnitTestResult executionId="be7746c4-cb62-47f6-91cf-8fde85d8b2eb" testId="612430d8-902a-32f4-f418-17687332db37" testName="ApplyingADiscountToTheShoppingCart(&quot;Sunglasses&quot;,null)" computerName="DESKTOP-5LOA7S6" duration="00:00:19.2984240" startTime="2024-02-28T15:28:00.9629785+00:00" endTime="2024-02-28T15:28:20.2614030+00:00" testType="13cdc9d9-ddb5-4fa4-a97d-d965ccfc6d4b" outcome="Passed" testListId="8c84fa94-04c1-424b-9868-57a2d4851a1d" relativeResultsDirectory="be7746c4-cb62-47f6-91cf-8fde85d8b2eb">
      <Output>
        <StdOut>BROWSER env not set: Setting to Edge..&#xD;
Given I am on the eCommerce Website&#xD;
-&gt; done: LoginSteps.GivenIAmOnTheECommerceWebsite() (0.7s)&#xD;
And I am logged in as a registered user&#xD;
Successfully Logged In&#xD;
Navigated to the Cart Page&#xD;
Check Cart Cleared&#xD;
-&gt; done: LoginSteps.GivenIAmLoggedInAsARegisteredUser() (4.2s)&#xD;
When I add 'Sunglasses' into my cart&#xD;
Navigated to the Shop Page&#xD;
Verified that the 'Sunglasses' item exists on the shop page&#xD;
Added the 'Sunglasses' item to the cart&#xD;
-&gt; done: CouponDiscountSteps.WhenIAddAnIntoMyCart("Sunglasses") (1.9s)&#xD;
And I apply the coupon code 'edgewords' to the cart&#xD;
Verified that the 'Sunglasses' item is in the cart&#xD;
Valid Coupon Applied: 'edgewords'..&#xD;
-&gt; done: CouponDiscountSteps.WhenIApplyTheCouponCodeToTheCart("edgewords") (5.6s)&#xD;
Then I recieve '15'% discount off my total, excluding shipping&#xD;
Applied a 15% discount&#xD;
Verified that the discount was correctly applied to the cart..&#xD;
Expected total value: £80.45, Actual total value: £80.45&#xD;
Attaching 'Coupon_Discount_Price' screenshot to report&#xD;
-&gt; done: CouponDiscountSteps.ThenIRecieveDiscountOffMyTotalExcludingShipping(15) (0.4s)&#xD;
Navigated to Account page&#xD;
Successfully Logged Out&#xD;
Test Passed &amp; Completed!</StdOut>
      </Output>
      <ResultFiles>
        <ResultFile path="DESKTOP-5LOA7S6\Coupon_Discount_Price_2024-02-28 15-28-17.png" />
      </ResultFiles>
    </UnitTestResult>
    <UnitTestResult executionId="85512b8d-a983-4b33-98a3-7a09c50096ea" testId="afd58b2e-61c7-037d-de91-6271a538a2bf" testName="ApplyingADiscountToTheShoppingCart(&quot;Beanie&quot;,null)" computerName="DESKTOP-5LOA7S6" duration="00:00:17.5840960" startTime="2024-02-28T15:27:03.8321753+00:00" endTime="2024-02-28T15:27:21.4162206+00:00" testType="13cdc9d9-ddb5-4fa4-a97d-d965ccfc6d4b" outcome="Passed" testListId="8c84fa94-04c1-424b-9868-57a2d4851a1d" relativeResultsDirectory="85512b8d-a983-4b33-98a3-7a09c50096ea">
      <Output>
        <StdOut>BROWSER env not set: Setting to Edge..&#xD;
Given I am on the eCommerce Website&#xD;
-&gt; done: LoginSteps.GivenIAmOnTheECommerceWebsite() (1.0s)&#xD;
And I am logged in as a registered user&#xD;
Successfully Logged In&#xD;
Navigated to the Cart Page&#xD;
Check Cart Cleared&#xD;
-&gt; done: LoginSteps.GivenIAmLoggedInAsARegisteredUser() (1.8s)&#xD;
When I add 'Beanie' into my cart&#xD;
Navigated to the Shop Page&#xD;
Verified that the 'Beanie' item exists on the shop page&#xD;
Added the 'Beanie' item to the cart&#xD;
-&gt; done: CouponDiscountSteps.WhenIAddAnIntoMyCart("Beanie") (1.8s)&#xD;
And I apply the coupon code 'edgewords' to the cart&#xD;
Verified that the 'Beanie' item is in the cart&#xD;
Valid Coupon Applied: 'edgewords'..&#xD;
-&gt; done: CouponDiscountSteps.WhenIApplyTheCouponCodeToTheCart("edgewords") (5.6s)&#xD;
Then I recieve '15'% discount off my total, excluding shipping&#xD;
Applied a 15% discount&#xD;
Verified that the discount was correctly applied to the cart..&#xD;
Expected total value: £19.25, Actual total value: £19.25&#xD;
Attaching 'Coupon_Discount_Price' screenshot to report&#xD;
-&gt; done: CouponDiscountSteps.ThenIRecieveDiscountOffMyTotalExcludingShipping(15) (0.4s)&#xD;
Navigated to Account page&#xD;
Successfully Logged Out&#xD;
Test Passed &amp; Completed!</StdOut>
      </Output>
      <ResultFiles>
        <ResultFile path="DESKTOP-5LOA7S6\Coupon_Discount_Price_2024-02-28 15-27-18.png" />
      </ResultFiles>
    </UnitTestResult>
    <UnitTestResult executionId="5be91686-4562-48d8-b7a4-6f1683bf23a2" testId="2d77bfce-afd2-c7ad-3320-5f7f97b26228" testName="OrderCheckoutProcessAndVerifyInOrderHistory(&quot;Cash&quot;,&quot;Cap&quot;,null)" computerName="DESKTOP-5LOA7S6" duration="00:00:16.2903090" startTime="2024-02-28T15:28:37.0462631+00:00" endTime="2024-02-28T15:28:53.3365717+00:00" testType="13cdc9d9-ddb5-4fa4-a97d-d965ccfc6d4b" outcome="Passed" testListId="8c84fa94-04c1-424b-9868-57a2d4851a1d" relativeResultsDirectory="5be91686-4562-48d8-b7a4-6f1683bf23a2">
      <Output>
        <StdOut>BROWSER env not set: Setting to Edge..&#xD;
Given I am on the eCommerce Website&#xD;
-&gt; done: LoginSteps.GivenIAmOnTheECommerceWebsite() (0.8s)&#xD;
And I am logged in as a registered user&#xD;
Successfully Logged In&#xD;
Navigated to the Cart Page&#xD;
Check Cart Cleared&#xD;
-&gt; done: LoginSteps.GivenIAmLoggedInAsARegisteredUser() (1.9s)&#xD;
Given that the cart contains 'Cap'&#xD;
Navigated to the Shop Page&#xD;
Verified that the 'Cap' item exists on the shop page&#xD;
Added the 'Cap' item to the cart&#xD;
-&gt; done: CheckoutProcessSteps.GivenThatTheCartContains("Cap") (1.9s)&#xD;
When I proceed to checkout&#xD;
Navigated to Checkout page&#xD;
-&gt; done: CheckoutProcessSteps.WhenIProceedToCheckout() (0.6s)&#xD;
And I provide the billing details:&#xD;
  --- table step argument ---&#xD;
  | first name | last name | address     | city   | postcode | phone number | email                   |&#xD;
  | Abid       | Miah      | 17 Sui Lane | London | SW19 2JY | 07365827365  | test.email@nfocus.co.uk |&#xD;
Billing Details Populated..&#xD;
Validated Billing Details have actually been populated&#xD;
-&gt; done: CheckoutProcessSteps.WhenIProvideTheBillingDetails(&lt;table&gt;) (1.6s)&#xD;
When I place the order with 'Cash' payment&#xD;
Cash Payment Selected&#xD;
Order Placed..&#xD;
New Order Number: 10590&#xD;
Attaching 'New_Order_Number' screenshot to report&#xD;
-&gt; done: CheckoutProcessSteps.WhenIPlaceTheOrder("Cash") (1.9s)&#xD;
Then the order should appear in my accounts order history&#xD;
Navigated to Account page&#xD;
Navigated to All Orders on account page&#xD;
Verified that the order numbers match from checkout page..&#xD;
Expected order number: 10590, Actual order number: 10590&#xD;
Attaching 'Orders' screenshot to report&#xD;
-&gt; done: CheckoutProcessSteps.ThenTheOrderShouldAppearInMyAccountsOrderHistory() (1.8s)&#xD;
Successfully Logged Out&#xD;
Test Passed &amp; Completed!</StdOut>
      </Output>
      <ResultFiles>
        <ResultFile path="DESKTOP-5LOA7S6\New_Order_Number_2024-02-28 15-28-48.png" />
        <ResultFile path="DESKTOP-5LOA7S6\Orders_2024-02-28 15-28-50.png" />
      </ResultFiles>
    </UnitTestResult>
    <UnitTestResult executionId="c378db1e-ab88-4f0c-aec5-f53a172456a7" testId="312ab8c1-2085-a497-329f-859d55f9d281" testName="ApplyingADiscountToTheShoppingCart(&quot;Polo&quot;,null)" computerName="DESKTOP-5LOA7S6" duration="00:00:20.0156230" startTime="2024-02-28T15:27:40.9440717+00:00" endTime="2024-02-28T15:28:00.9596950+00:00" testType="13cdc9d9-ddb5-4fa4-a97d-d965ccfc6d4b" outcome="Passed" testListId="8c84fa94-04c1-424b-9868-57a2d4851a1d" relativeResultsDirectory="c378db1e-ab88-4f0c-aec5-f53a172456a7">
      <Output>
        <StdOut>BROWSER env not set: Setting to Edge..&#xD;
Given I am on the eCommerce Website&#xD;
-&gt; done: LoginSteps.GivenIAmOnTheECommerceWebsite() (0.8s)&#xD;
And I am logged in as a registered user&#xD;
Successfully Logged In&#xD;
Navigated to the Cart Page&#xD;
Check Cart Cleared&#xD;
-&gt; done: LoginSteps.GivenIAmLoggedInAsARegisteredUser() (4.4s)&#xD;
When I add 'Polo' into my cart&#xD;
Navigated to the Shop Page&#xD;
Verified that the 'Polo' item exists on the shop page&#xD;
Added the 'Polo' item to the cart&#xD;
-&gt; done: CouponDiscountSteps.WhenIAddAnIntoMyCart("Polo") (2.1s)&#xD;
And I apply the coupon code 'edgewords' to the cart&#xD;
Verified that the 'Polo' item is in the cart&#xD;
Valid Coupon Applied: 'edgewords'..&#xD;
-&gt; done: CouponDiscountSteps.WhenIApplyTheCouponCodeToTheCart("edgewords") (5.7s)&#xD;
Then I recieve '15'% discount off my total, excluding shipping&#xD;
Applied a 15% discount&#xD;
Verified that the discount was correctly applied to the cart..&#xD;
Expected total value: £20.95, Actual total value: £20.95&#xD;
Attaching 'Coupon_Discount_Price' screenshot to report&#xD;
-&gt; done: CouponDiscountSteps.ThenIRecieveDiscountOffMyTotalExcludingShipping(15) (0.4s)&#xD;
Navigated to Account page&#xD;
Successfully Logged Out&#xD;
Test Passed &amp; Completed!</StdOut>
      </Output>
      <ResultFiles>
        <ResultFile path="DESKTOP-5LOA7S6\Coupon_Discount_Price_2024-02-28 15-27-57.png" />
      </ResultFiles>
    </UnitTestResult>
    <UnitTestResult executionId="573f780a-2e66-45c7-8f1f-a31efcbc3c3f" testId="32ea3815-a468-b215-d24b-266cba78adf2" testName="OrderCheckoutProcessAndVerifyInOrderHistory(&quot;Check&quot;,&quot;Hoodie&quot;,null)" computerName="DESKTOP-5LOA7S6" duration="00:00:16.7735770" startTime="2024-02-28T15:28:20.2709379+00:00" endTime="2024-02-28T15:28:37.0445155+00:00" testType="13cdc9d9-ddb5-4fa4-a97d-d965ccfc6d4b" outcome="Passed" testListId="8c84fa94-04c1-424b-9868-57a2d4851a1d" relativeResultsDirectory="573f780a-2e66-45c7-8f1f-a31efcbc3c3f">
      <Output>
        <StdOut>BROWSER env not set: Setting to Edge..&#xD;
Given I am on the eCommerce Website&#xD;
-&gt; done: LoginSteps.GivenIAmOnTheECommerceWebsite() (0.8s)&#xD;
And I am logged in as a registered user&#xD;
Successfully Logged In&#xD;
Navigated to the Cart Page&#xD;
Check Cart Cleared&#xD;
-&gt; done: LoginSteps.GivenIAmLoggedInAsARegisteredUser() (3.9s)&#xD;
Given that the cart contains 'Hoodie'&#xD;
Navigated to the Shop Page&#xD;
Verified that the 'Hoodie' item exists on the shop page&#xD;
Added the 'Hoodie' item to the cart&#xD;
-&gt; done: CheckoutProcessSteps.GivenThatTheCartContains("Hoodie") (1.8s)&#xD;
When I proceed to checkout&#xD;
Navigated to Checkout page&#xD;
-&gt; done: CheckoutProcessSteps.WhenIProceedToCheckout() (0.6s)&#xD;
And I provide the billing details:&#xD;
  --- table step argument ---&#xD;
  | first name | last name | address     | city   | postcode | phone number | email                   |&#xD;
  | Abid       | Miah      | 17 Sui Lane | London | SW19 2JY | 07365827365  | test.email@nfocus.co.uk |&#xD;
Billing Details Populated..&#xD;
Validated Billing Details have actually been populated&#xD;
-&gt; done: CheckoutProcessSteps.WhenIProvideTheBillingDetails(&lt;table&gt;) (0.8s)&#xD;
When I place the order with 'Check' payment&#xD;
Cheque Payment Selected&#xD;
Order Placed..&#xD;
New Order Number: 10589&#xD;
Attaching 'New_Order_Number' screenshot to report&#xD;
-&gt; done: CheckoutProcessSteps.WhenIPlaceTheOrder("Check") (1.8s)&#xD;
Then the order should appear in my accounts order history&#xD;
Navigated to Account page&#xD;
Navigated to All Orders on account page&#xD;
Verified that the order numbers match from checkout page..&#xD;
Expected order number: 10589, Actual order number: 10589&#xD;
Attaching 'Orders' screenshot to report&#xD;
-&gt; done: CheckoutProcessSteps.ThenTheOrderShouldAppearInMyAccountsOrderHistory() (1.4s)&#xD;
Successfully Logged Out&#xD;
Test Passed &amp; Completed!</StdOut>
      </Output>
      <ResultFiles>
        <ResultFile path="DESKTOP-5LOA7S6\New_Order_Number_2024-02-28 15-28-33.png" />
        <ResultFile path="DESKTOP-5LOA7S6\Orders_2024-02-28 15-28-34.png" />
      </ResultFiles>
    </UnitTestResult>
    <UnitTestResult executionId="e886fca1-c07c-4173-aa2c-da44c12f1e5f" testId="f89cd65c-94e2-20da-5a73-47f30320dcb9" testName="ApplyingADiscountToTheShoppingCart(&quot;Belt&quot;,null)" computerName="DESKTOP-5LOA7S6" duration="00:00:19.5029540" startTime="2024-02-28T15:27:21.4177124+00:00" endTime="2024-02-28T15:27:40.9206676+00:00" testType="13cdc9d9-ddb5-4fa4-a97d-d965ccfc6d4b" outcome="Passed" testListId="8c84fa94-04c1-424b-9868-57a2d4851a1d" relativeResultsDirectory="e886fca1-c07c-4173-aa2c-da44c12f1e5f">
      <Output>
        <StdOut>BROWSER env not set: Setting to Edge..&#xD;
Given I am on the eCommerce Website&#xD;
-&gt; done: LoginSteps.GivenIAmOnTheECommerceWebsite() (0.8s)&#xD;
And I am logged in as a registered user&#xD;
Successfully Logged In&#xD;
Navigated to the Cart Page&#xD;
Check Cart Cleared&#xD;
-&gt; done: LoginSteps.GivenIAmLoggedInAsARegisteredUser() (4.3s)&#xD;
When I add 'Belt' into my cart&#xD;
Navigated to the Shop Page&#xD;
Verified that the 'Belt' item exists on the shop page&#xD;
Added the 'Belt' item to the cart&#xD;
-&gt; done: CouponDiscountSteps.WhenIAddAnIntoMyCart("Belt") (1.9s)&#xD;
And I apply the coupon code 'edgewords' to the cart&#xD;
Verified that the 'Belt' item is in the cart&#xD;
Valid Coupon Applied: 'edgewords'..&#xD;
-&gt; done: CouponDiscountSteps.WhenIApplyTheCouponCodeToTheCart("edgewords") (5.6s)&#xD;
Then I recieve '15'% discount off my total, excluding shipping&#xD;
Applied a 15% discount&#xD;
Verified that the discount was correctly applied to the cart..&#xD;
Expected total value: £50.70, Actual total value: £50.70&#xD;
Attaching 'Coupon_Discount_Price' screenshot to report&#xD;
-&gt; done: CouponDiscountSteps.ThenIRecieveDiscountOffMyTotalExcludingShipping(15) (0.4s)&#xD;
Navigated to Account page&#xD;
Successfully Logged Out&#xD;
Test Passed &amp; Completed!</StdOut>
      </Output>
      <ResultFiles>
        <ResultFile path="DESKTOP-5LOA7S6\Coupon_Discount_Price_2024-02-28 15-27-37.png" />
      </ResultFiles>
    </UnitTestResult>
  </Results>
  <TestDefinitions>
    <UnitTest name="ApplyingADiscountToTheShoppingCart(&quot;Sunglasses&quot;,null)" storage="c:\users\abidmiah\source\repos\uk.co.nfocus.ecommerceproject\uk.co.nfocus.ecommerceproject\bin\debug\net6.0\uk.co.nfocus.ecommerceproject.dll" id="612430d8-902a-32f4-f418-17687332db37">
      <Execution id="be7746c4-cb62-47f6-91cf-8fde85d8b2eb" />
      <TestMethod codeBase="C:\Users\AbidMiah\source\repos\uk.co.nfocus.ecommerceproject\uk.co.nfocus.ecommerceproject\bin\Debug\net6.0\uk.co.nfocus.ecommerceproject.dll" adapterTypeName="executor://nunit3testexecutor/" className="uk.co.nfocus.ecommerceproject.Features.PlacingOrderFeature" name="ApplyingADiscountToTheShoppingCart(&quot;Sunglasses&quot;,null)" />
    </UnitTest>
    <UnitTest name="ApplyingADiscountToTheShoppingCart(&quot;Belt&quot;,null)" storage="c:\users\abidmiah\source\repos\uk.co.nfocus.ecommerceproject\uk.co.nfocus.ecommerceproject\bin\debug\net6.0\uk.co.nfocus.ecommerceproject.dll" id="f89cd65c-94e2-20da-5a73-47f30320dcb9">
      <Execution id="e886fca1-c07c-4173-aa2c-da44c12f1e5f" />
      <TestMethod codeBase="C:\Users\AbidMiah\source\repos\uk.co.nfocus.ecommerceproject\uk.co.nfocus.ecommerceproject\bin\Debug\net6.0\uk.co.nfocus.ecommerceproject.dll" adapterTypeName="executor://nunit3testexecutor/" className="uk.co.nfocus.ecommerceproject.Features.PlacingOrderFeature" name="ApplyingADiscountToTheShoppingCart(&quot;Belt&quot;,null)" />
    </UnitTest>
    <UnitTest name="ApplyingADiscountToTheShoppingCart(&quot;Polo&quot;,null)" storage="c:\users\abidmiah\source\repos\uk.co.nfocus.ecommerceproject\uk.co.nfocus.ecommerceproject\bin\debug\net6.0\uk.co.nfocus.ecommerceproject.dll" id="312ab8c1-2085-a497-329f-859d55f9d281">
      <Execution id="c378db1e-ab88-4f0c-aec5-f53a172456a7" />
      <TestMethod codeBase="C:\Users\AbidMiah\source\repos\uk.co.nfocus.ecommerceproject\uk.co.nfocus.ecommerceproject\bin\Debug\net6.0\uk.co.nfocus.ecommerceproject.dll" adapterTypeName="executor://nunit3testexecutor/" className="uk.co.nfocus.ecommerceproject.Features.PlacingOrderFeature" name="ApplyingADiscountToTheShoppingCart(&quot;Polo&quot;,null)" />
    </UnitTest>
    <UnitTest name="ApplyingADiscountToTheShoppingCart(&quot;Beanie&quot;,null)" storage="c:\users\abidmiah\source\repos\uk.co.nfocus.ecommerceproject\uk.co.nfocus.ecommerceproject\bin\debug\net6.0\uk.co.nfocus.ecommerceproject.dll" id="afd58b2e-61c7-037d-de91-6271a538a2bf">
      <Execution id="85512b8d-a983-4b33-98a3-7a09c50096ea" />
      <TestMethod codeBase="C:\Users\AbidMiah\source\repos\uk.co.nfocus.ecommerceproject\uk.co.nfocus.ecommerceproject\bin\Debug\net6.0\uk.co.nfocus.ecommerceproject.dll" adapterTypeName="executor://nunit3testexecutor/" className="uk.co.nfocus.ecommerceproject.Features.PlacingOrderFeature" name="ApplyingADiscountToTheShoppingCart(&quot;Beanie&quot;,null)" />
    </UnitTest>
    <UnitTest name="OrderCheckoutProcessAndVerifyInOrderHistory(&quot;Cash&quot;,&quot;Cap&quot;,null)" storage="c:\users\abidmiah\source\repos\uk.co.nfocus.ecommerceproject\uk.co.nfocus.ecommerceproject\bin\debug\net6.0\uk.co.nfocus.ecommerceproject.dll" id="2d77bfce-afd2-c7ad-3320-5f7f97b26228">
      <Execution id="5be91686-4562-48d8-b7a4-6f1683bf23a2" />
      <TestMethod codeBase="C:\Users\AbidMiah\source\repos\uk.co.nfocus.ecommerceproject\uk.co.nfocus.ecommerceproject\bin\Debug\net6.0\uk.co.nfocus.ecommerceproject.dll" adapterTypeName="executor://nunit3testexecutor/" className="uk.co.nfocus.ecommerceproject.Features.PlacingOrderFeature" name="OrderCheckoutProcessAndVerifyInOrderHistory(&quot;Cash&quot;,&quot;Cap&quot;,null)" />
    </UnitTest>
    <UnitTest name="OrderCheckoutProcessAndVerifyInOrderHistory(&quot;Check&quot;,&quot;Hoodie&quot;,null)" storage="c:\users\abidmiah\source\repos\uk.co.nfocus.ecommerceproject\uk.co.nfocus.ecommerceproject\bin\debug\net6.0\uk.co.nfocus.ecommerceproject.dll" id="32ea3815-a468-b215-d24b-266cba78adf2">
      <Execution id="573f780a-2e66-45c7-8f1f-a31efcbc3c3f" />
      <TestMethod codeBase="C:\Users\AbidMiah\source\repos\uk.co.nfocus.ecommerceproject\uk.co.nfocus.ecommerceproject\bin\Debug\net6.0\uk.co.nfocus.ecommerceproject.dll" adapterTypeName="executor://nunit3testexecutor/" className="uk.co.nfocus.ecommerceproject.Features.PlacingOrderFeature" name="OrderCheckoutProcessAndVerifyInOrderHistory(&quot;Check&quot;,&quot;Hoodie&quot;,null)" />
    </UnitTest>
  </TestDefinitions>
  <TestEntries>
    <TestEntry testId="612430d8-902a-32f4-f418-17687332db37" executionId="be7746c4-cb62-47f6-91cf-8fde85d8b2eb" testListId="8c84fa94-04c1-424b-9868-57a2d4851a1d" />
    <TestEntry testId="afd58b2e-61c7-037d-de91-6271a538a2bf" executionId="85512b8d-a983-4b33-98a3-7a09c50096ea" testListId="8c84fa94-04c1-424b-9868-57a2d4851a1d" />
    <TestEntry testId="2d77bfce-afd2-c7ad-3320-5f7f97b26228" executionId="5be91686-4562-48d8-b7a4-6f1683bf23a2" testListId="8c84fa94-04c1-424b-9868-57a2d4851a1d" />
    <TestEntry testId="312ab8c1-2085-a497-329f-859d55f9d281" executionId="c378db1e-ab88-4f0c-aec5-f53a172456a7" testListId="8c84fa94-04c1-424b-9868-57a2d4851a1d" />
    <TestEntry testId="32ea3815-a468-b215-d24b-266cba78adf2" executionId="573f780a-2e66-45c7-8f1f-a31efcbc3c3f" testListId="8c84fa94-04c1-424b-9868-57a2d4851a1d" />
    <TestEntry testId="f89cd65c-94e2-20da-5a73-47f30320dcb9" executionId="e886fca1-c07c-4173-aa2c-da44c12f1e5f" testListId="8c84fa94-04c1-424b-9868-57a2d4851a1d" />
  </TestEntries>
  <TestLists>
    <TestList name="Results Not in a List" id="8c84fa94-04c1-424b-9868-57a2d4851a1d" />
    <TestList name="All Loaded Results" id="19431567-8539-422a-85d7-44ee4e166bda" />
  </TestLists>
  <ResultSummary outcome="Completed">
    <Counters total="6" executed="6" passed="6" failed="0" error="0" timeout="0" aborted="0" inconclusive="0" passedButRunAborted="0" notRunnable="0" notExecuted="0" disconnected="0" warning="0" completed="0" inProgress="0" pending="0" />
    <Output>
      <StdOut>NUnit Adapter 4.5.0.0: Test execution started&#xD;
Running all tests in C:\Users\AbidMiah\source\repos\uk.co.nfocus.ecommerceproject\uk.co.nfocus.ecommerceproject\bin\Debug\net6.0\uk.co.nfocus.ecommerceproject.dll&#xD;
   NUnit3TestExecutor discovered 6 of 6 NUnit test cases using Current Discovery mode, Non-Explicit run&#xD;
NUnit Adapter 4.5.0.0: Test execution complete&#xD;
</StdOut>
    </Output>
    <RunInfos>
      <RunInfo computerName="DESKTOP-5LOA7S6" outcome="Warning" timestamp="2024-02-28T15:27:21.4324165+00:00">
        <Text>BROWSER env not set: Setting to Edge..&#xD;
Given I am on the eCommerce Website&#xD;
-&gt; done: LoginSteps.GivenIAmOnTheECommerceWebsite() (1.0s)&#xD;
And I am logged in as a registered user&#xD;
Successfully Logged In&#xD;
Navigated to the Cart Page&#xD;
Check Cart Cleared&#xD;
-&gt; done: LoginSteps.GivenIAmLoggedInAsARegisteredUser() (1.8s)&#xD;
When I add 'Beanie' into my cart&#xD;
Navigated to the Shop Page&#xD;
Verified that the 'Beanie' item exists on the shop page&#xD;
Added the 'Beanie' item to the cart&#xD;
-&gt; done: CouponDiscountSteps.WhenIAddAnIntoMyCart("Beanie") (1.8s)&#xD;
And I apply the coupon code 'edgewords' to the cart&#xD;
Verified that the 'Beanie' item is in the cart&#xD;
Valid Coupon Applied: 'edgewords'..&#xD;
-&gt; done: CouponDiscountSteps.WhenIApplyTheCouponCodeToTheCart("edgewords") (5.6s)&#xD;
Then I recieve '15'% discount off my total, excluding shipping&#xD;
Applied a 15% discount&#xD;
Verified that the discount was correctly applied to the cart..&#xD;
Expected total value: £19.25, Actual total value: £19.25&#xD;
Attaching 'Coupon_Discount_Price' screenshot to report&#xD;
-&gt; done: CouponDiscountSteps.ThenIRecieveDiscountOffMyTotalExcludingShipping(15) (0.4s)&#xD;
Navigated to Account page&#xD;
Successfully Logged Out&#xD;
Test Passed &amp; Completed!&#xD;
</Text>
      </RunInfo>
      <RunInfo computerName="DESKTOP-5LOA7S6" outcome="Warning" timestamp="2024-02-28T15:27:40.9220910+00:00">
        <Text>BROWSER env not set: Setting to Edge..&#xD;
Given I am on the eCommerce Website&#xD;
-&gt; done: LoginSteps.GivenIAmOnTheECommerceWebsite() (0.8s)&#xD;
And I am logged in as a registered user&#xD;
Successfully Logged In&#xD;
Navigated to the Cart Page&#xD;
Check Cart Cleared&#xD;
-&gt; done: LoginSteps.GivenIAmLoggedInAsARegisteredUser() (4.3s)&#xD;
When I add 'Belt' into my cart&#xD;
Navigated to the Shop Page&#xD;
Verified that the 'Belt' item exists on the shop page&#xD;
Added the 'Belt' item to the cart&#xD;
-&gt; done: CouponDiscountSteps.WhenIAddAnIntoMyCart("Belt") (1.9s)&#xD;
And I apply the coupon code 'edgewords' to the cart&#xD;
Verified that the 'Belt' item is in the cart&#xD;
Valid Coupon Applied: 'edgewords'..&#xD;
-&gt; done: CouponDiscountSteps.WhenIApplyTheCouponCodeToTheCart("edgewords") (5.6s)&#xD;
Then I recieve '15'% discount off my total, excluding shipping&#xD;
Applied a 15% discount&#xD;
Verified that the discount was correctly applied to the cart..&#xD;
Expected total value: £50.70, Actual total value: £50.70&#xD;
Attaching 'Coupon_Discount_Price' screenshot to report&#xD;
-&gt; done: CouponDiscountSteps.ThenIRecieveDiscountOffMyTotalExcludingShipping(15) (0.4s)&#xD;
Navigated to Account page&#xD;
Successfully Logged Out&#xD;
Test Passed &amp; Completed!&#xD;
</Text>
      </RunInfo>
      <RunInfo computerName="DESKTOP-5LOA7S6" outcome="Warning" timestamp="2024-02-28T15:28:00.9629350+00:00">
        <Text>BROWSER env not set: Setting to Edge..&#xD;
Given I am on the eCommerce Website&#xD;
-&gt; done: LoginSteps.GivenIAmOnTheECommerceWebsite() (0.8s)&#xD;
And I am logged in as a registered user&#xD;
Successfully Logged In&#xD;
Navigated to the Cart Page&#xD;
Check Cart Cleared&#xD;
-&gt; done: LoginSteps.GivenIAmLoggedInAsARegisteredUser() (4.4s)&#xD;
When I add 'Polo' into my cart&#xD;
Navigated to the Shop Page&#xD;
Verified that the 'Polo' item exists on the shop page&#xD;
Added the 'Polo' item to the cart&#xD;
-&gt; done: CouponDiscountSteps.WhenIAddAnIntoMyCart("Polo") (2.1s)&#xD;
And I apply the coupon code 'edgewords' to the cart&#xD;
Verified that the 'Polo' item is in the cart&#xD;
Valid Coupon Applied: 'edgewords'..&#xD;
-&gt; done: CouponDiscountSteps.WhenIApplyTheCouponCodeToTheCart("edgewords") (5.7s)&#xD;
Then I recieve '15'% discount off my total, excluding shipping&#xD;
Applied a 15% discount&#xD;
Verified that the discount was correctly applied to the cart..&#xD;
Expected total value: £20.95, Actual total value: £20.95&#xD;
Attaching 'Coupon_Discount_Price' screenshot to report&#xD;
-&gt; done: CouponDiscountSteps.ThenIRecieveDiscountOffMyTotalExcludingShipping(15) (0.4s)&#xD;
Navigated to Account page&#xD;
Successfully Logged Out&#xD;
Test Passed &amp; Completed!&#xD;
</Text>
      </RunInfo>
      <RunInfo computerName="DESKTOP-5LOA7S6" outcome="Warning" timestamp="2024-02-28T15:28:20.2626922+00:00">
        <Text>BROWSER env not set: Setting to Edge..&#xD;
Given I am on the eCommerce Website&#xD;
-&gt; done: LoginSteps.GivenIAmOnTheECommerceWebsite() (0.7s)&#xD;
And I am logged in as a registered user&#xD;
Successfully Logged In&#xD;
Navigated to the Cart Page&#xD;
Check Cart Cleared&#xD;
-&gt; done: LoginSteps.GivenIAmLoggedInAsARegisteredUser() (4.2s)&#xD;
When I add 'Sunglasses' into my cart&#xD;
Navigated to the Shop Page&#xD;
Verified that the 'Sunglasses' item exists on the shop page&#xD;
Added the 'Sunglasses' item to the cart&#xD;
-&gt; done: CouponDiscountSteps.WhenIAddAnIntoMyCart("Sunglasses") (1.9s)&#xD;
And I apply the coupon code 'edgewords' to the cart&#xD;
Verified that the 'Sunglasses' item is in the cart&#xD;
Valid Coupon Applied: 'edgewords'..&#xD;
-&gt; done: CouponDiscountSteps.WhenIApplyTheCouponCodeToTheCart("edgewords") (5.6s)&#xD;
Then I recieve '15'% discount off my total, excluding shipping&#xD;
Applied a 15% discount&#xD;
Verified that the discount was correctly applied to the cart..&#xD;
Expected total value: £80.45, Actual total value: £80.45&#xD;
Attaching 'Coupon_Discount_Price' screenshot to report&#xD;
-&gt; done: CouponDiscountSteps.ThenIRecieveDiscountOffMyTotalExcludingShipping(15) (0.4s)&#xD;
Navigated to Account page&#xD;
Successfully Logged Out&#xD;
Test Passed &amp; Completed!&#xD;
</Text>
      </RunInfo>
      <RunInfo computerName="DESKTOP-5LOA7S6" outcome="Warning" timestamp="2024-02-28T15:28:37.0456252+00:00">
        <Text>BROWSER env not set: Setting to Edge..&#xD;
Given I am on the eCommerce Website&#xD;
-&gt; done: LoginSteps.GivenIAmOnTheECommerceWebsite() (0.8s)&#xD;
And I am logged in as a registered user&#xD;
Successfully Logged In&#xD;
Navigated to the Cart Page&#xD;
Check Cart Cleared&#xD;
-&gt; done: LoginSteps.GivenIAmLoggedInAsARegisteredUser() (3.9s)&#xD;
Given that the cart contains 'Hoodie'&#xD;
Navigated to the Shop Page&#xD;
Verified that the 'Hoodie' item exists on the shop page&#xD;
Added the 'Hoodie' item to the cart&#xD;
-&gt; done: CheckoutProcessSteps.GivenThatTheCartContains("Hoodie") (1.8s)&#xD;
When I proceed to checkout&#xD;
Navigated to Checkout page&#xD;
-&gt; done: CheckoutProcessSteps.WhenIProceedToCheckout() (0.6s)&#xD;
And I provide the billing details:&#xD;
  --- table step argument ---&#xD;
  | first name | last name | address     | city   | postcode | phone number | email                   |&#xD;
  | Abid       | Miah      | 17 Sui Lane | London | SW19 2JY | 07365827365  | test.email@nfocus.co.uk |&#xD;
Billing Details Populated..&#xD;
Validated Billing Details have actually been populated&#xD;
-&gt; done: CheckoutProcessSteps.WhenIProvideTheBillingDetails(&lt;table&gt;) (0.8s)&#xD;
When I place the order with 'Check' payment&#xD;
Cheque Payment Selected&#xD;
Order Placed..&#xD;
New Order Number: 10589&#xD;
Attaching 'New_Order_Number' screenshot to report&#xD;
-&gt; done: CheckoutProcessSteps.WhenIPlaceTheOrder("Check") (1.8s)&#xD;
Then the order should appear in my accounts order history&#xD;
Navigated to Account page&#xD;
Navigated to All Orders on account page&#xD;
Verified that the order numbers match from checkout page..&#xD;
Expected order number: 10589, Actual order number: 10589&#xD;
Attaching 'Orders' screenshot to report&#xD;
-&gt; done: CheckoutProcessSteps.ThenTheOrderShouldAppearInMyAccountsOrderHistory() (1.4s)&#xD;
Successfully Logged Out&#xD;
Test Passed &amp; Completed!&#xD;
</Text>
      </RunInfo>
      <RunInfo computerName="DESKTOP-5LOA7S6" outcome="Warning" timestamp="2024-02-28T15:28:53.3379467+00:00">
        <Text>BROWSER env not set: Setting to Edge..&#xD;
Given I am on the eCommerce Website&#xD;
-&gt; done: LoginSteps.GivenIAmOnTheECommerceWebsite() (0.8s)&#xD;
And I am logged in as a registered user&#xD;
Successfully Logged In&#xD;
Navigated to the Cart Page&#xD;
Check Cart Cleared&#xD;
-&gt; done: LoginSteps.GivenIAmLoggedInAsARegisteredUser() (1.9s)&#xD;
Given that the cart contains 'Cap'&#xD;
Navigated to the Shop Page&#xD;
Verified that the 'Cap' item exists on the shop page&#xD;
Added the 'Cap' item to the cart&#xD;
-&gt; done: CheckoutProcessSteps.GivenThatTheCartContains("Cap") (1.9s)&#xD;
When I proceed to checkout&#xD;
Navigated to Checkout page&#xD;
-&gt; done: CheckoutProcessSteps.WhenIProceedToCheckout() (0.6s)&#xD;
And I provide the billing details:&#xD;
  --- table step argument ---&#xD;
  | first name | last name | address     | city   | postcode | phone number | email                   |&#xD;
  | Abid       | Miah      | 17 Sui Lane | London | SW19 2JY | 07365827365  | test.email@nfocus.co.uk |&#xD;
Billing Details Populated..&#xD;
Validated Billing Details have actually been populated&#xD;
-&gt; done: CheckoutProcessSteps.WhenIProvideTheBillingDetails(&lt;table&gt;) (1.6s)&#xD;
When I place the order with 'Cash' payment&#xD;
Cash Payment Selected&#xD;
Order Placed..&#xD;
New Order Number: 10590&#xD;
Attaching 'New_Order_Number' screenshot to report&#xD;
-&gt; done: CheckoutProcessSteps.WhenIPlaceTheOrder("Cash") (1.9s)&#xD;
Then the order should appear in my accounts order history&#xD;
Navigated to Account page&#xD;
Navigated to All Orders on account page&#xD;
Verified that the order numbers match from checkout page..&#xD;
Expected order number: 10590, Actual order number: 10590&#xD;
Attaching 'Orders' screenshot to report&#xD;
-&gt; done: CheckoutProcessSteps.ThenTheOrderShouldAppearInMyAccountsOrderHistory() (1.8s)&#xD;
Successfully Logged Out&#xD;
Test Passed &amp; Completed!&#xD;
</Text>
      </RunInfo>
    </RunInfos>
  </ResultSummary>
</TestRun>